// Jest Snapshot v1, https://goo.gl/fbAQLP

exports[`WhyChooseHorizonCard matches the snapshot 1`] = `
<div>
  <div
    class="min-h-[11.75rem] max-w-[19.75rem] rounded-lg bg-white px-3 py-4"
  >
    <div
      class="mb-2 text-start"
    >
      <h4>
        Why Choose Horizon?
      </h4>
    </div>
    <ul
      class="flex list-disc flex-col gap-2 pl-6 pt-3 text-left text-base font-normal"
    >
      <li>
        Same-day service & next-day installation
      </li>
      <li>
        24-hour availability
      </li>
      <li>
        On-time guarantee
      </li>
    </ul>
  </div>
</div>
`;
