// Jest Snapshot v1, https://goo.gl/fbAQLP

exports[`UI Component - BasicAccordion matches the snapshot 1`] = `
<DocumentFragment>
  <div
    class="accordion"
    style="height: auto; width: 100%;"
  >
    <div
      class="px-2 w-full"
      data-orientation="vertical"
    >
      <div
        aria-label="Accordion Title"
      >
        <h2>
          <button
            aria-expanded="false"
            class="flex py-4 w-full h-full gap-3 items-center tap-highlight-transparent outline-none data-[focus-visible=true]:z-10 data-[focus-visible=true]:outline-2 data-[focus-visible=true]:outline-focus data-[focus-visible=true]:outline-offset-2 transition-opacity"
            id=":r6:"
            type="button"
          >
            <div
              class="flex-1 flex flex-col text-start"
            >
              <span
                class="text-foreground text-medium"
              >
                <span
                  class="boldTitle"
                >
                  Accordion Title
                </span>
              </span>
            </div>
            <span
              aria-hidden="true"
              class="text-default-400 transition-transform rotate-0 data-[open=true]:-rotate-90 rtl:-rotate-180 rtl:data-[open=true]:-rotate-90"
            >
              <svg
                aria-hidden="true"
                fill="none"
                focusable="false"
                height="1em"
                role="presentation"
                viewBox="0 0 24 24"
                width="1em"
              >
                <path
                  d="M15.5 19l-7-7 7-7"
                  stroke="currentColor"
                  stroke-linecap="round"
                  stroke-linejoin="round"
                  stroke-width="1.5"
                />
              </svg>
            </span>
          </button>
        </h2>
      </div>
    </div>
  </div>
</DocumentFragment>
`;
